Creating new Ultralytics Settings v0.0.8 file ✅ 
View Ultralytics Settings with 'yolo settings' or at '/root/.config/Ultralytics/settings.json'
Update Settings with 'yolo settings key=value', i.e. 'yolo settings runs_dir=path/to/dir'. For help see https://docs.ultralytics.com/usage/settings.
/usr/local/lib/python3.13/dist-packages/transformers/image_processing_base.py:417: UserWarning: The following named arguments are not valid for `SegformerImageProcessor.__init__` and were ignored: 'feature_extractor_type', 'reduce_labels'
  image_processor = cls(**image_processor_dict)
configured: repeat 1, frame 10/594
configured: repeat 1, frame 20/594
configured: repeat 1, frame 30/594
configured: repeat 1, frame 40/594
configured: repeat 1, frame 50/594
configured: repeat 1, frame 60/594
configured: repeat 1, frame 70/594
configured: repeat 1, frame 80/594
configured: repeat 1, frame 90/594
configured: repeat 1, frame 100/594
configured: repeat 1, frame 110/594
configured: repeat 1, frame 120/594
configured: repeat 1, frame 130/594
WARNING:src.lane_detection.segformer_lane_detector:Low road pixels detected: 0. Unique classes: [2, 4, 13, 21, 54, 83, 90]
configured: repeat 1, frame 140/594
configured: repeat 1, frame 150/594
configured: repeat 1, frame 160/594
configured: repeat 1, frame 170/594
configured: repeat 1, frame 180/594
configured: repeat 1, frame 190/594
configured: repeat 1, frame 200/594
configured: repeat 1, frame 210/594
configured: repeat 1, frame 220/594
configured: repeat 1, frame 230/594
configured: repeat 1, frame 240/594
configured: repeat 1, frame 250/594
configured: repeat 1, frame 260/594
configured: repeat 1, frame 270/594
configured: repeat 1, frame 280/594
configured: repeat 1, frame 290/594
configured: repeat 1, frame 300/594
configured: repeat 1, frame 310/594
configured: repeat 1, frame 320/594
configured: repeat 1, frame 330/594
configured: repeat 1, frame 340/594
configured: repeat 1, frame 350/594
configured: repeat 1, frame 360/594
configured: repeat 1, frame 370/594
configured: repeat 1, frame 380/594
configured: repeat 1, frame 390/594
configured: repeat 1, frame 400/594
configured: repeat 1, frame 410/594
configured: repeat 1, frame 420/594
configured: repeat 1, frame 430/594
configured: repeat 1, frame 440/594
configured: repeat 1, frame 450/594
configured: repeat 1, frame 460/594
configured: repeat 1, frame 470/594
configured: repeat 1, frame 480/594
configured: repeat 1, frame 490/594
configured: repeat 1, frame 500/594
configured: repeat 1, frame 510/594
configured: repeat 1, frame 520/594
configured: repeat 1, frame 530/594
configured: repeat 1, frame 540/594
configured: repeat 1, frame 550/594
configured: repeat 1, frame 560/594
configured: repeat 1, frame 570/594
configured: repeat 1, frame 580/594
configured: repeat 1, frame 590/594
configured repeat 1: 7.02 FPS
configured: repeat 2, frame 10/594
configured: repeat 2, frame 20/594
configured: repeat 2, frame 30/594
configured: repeat 2, frame 40/594
configured: repeat 2, frame 50/594
configured: repeat 2, frame 60/594
configured: repeat 2, frame 70/594
configured: repeat 2, frame 80/594
configured: repeat 2, frame 90/594
configured: repeat 2, frame 100/594
configured: repeat 2, frame 110/594
configured: repeat 2, frame 120/594
configured: repeat 2, frame 130/594
WARNING:src.lane_detection.segformer_lane_detector:Low road pixels detected: 0. Unique classes: [2, 4, 13, 21, 54, 83, 90]
configured: repeat 2, frame 140/594
configured: repeat 2, frame 150/594
configured: repeat 2, frame 160/594
configured: repeat 2, frame 170/594
configured: repeat 2, frame 180/594
configured: repeat 2, frame 190/594
configured: repeat 2, frame 200/594
configured: repeat 2, frame 210/594
configured: repeat 2, frame 220/594
configured: repeat 2, frame 230/594
configured: repeat 2, frame 240/594
configured: repeat 2, frame 250/594
configured: repeat 2, frame 260/594
configured: repeat 2, frame 270/594
configured: repeat 2, frame 280/594
configured: repeat 2, frame 290/594
configured: repeat 2, frame 300/594
configured: repeat 2, frame 310/594
configured: repeat 2, frame 320/594
configured: repeat 2, frame 330/594
configured: repeat 2, frame 340/594
configured: repeat 2, frame 350/594
configured: repeat 2, frame 360/594
configured: repeat 2, frame 370/594
configured: repeat 2, frame 380/594
configured: repeat 2, frame 390/594
configured: repeat 2, frame 400/594
configured: repeat 2, frame 410/594
configured: repeat 2, frame 420/594
configured: repeat 2, frame 430/594
configured: repeat 2, frame 440/594
configured: repeat 2, frame 450/594
configured: repeat 2, frame 460/594
configured: repeat 2, frame 470/594
configured: repeat 2, frame 480/594
configured: repeat 2, frame 490/594
configured: repeat 2, frame 500/594
configured: repeat 2, frame 510/594
configured: repeat 2, frame 520/594
configured: repeat 2, frame 530/594
configured: repeat 2, frame 540/594
configured: repeat 2, frame 550/594
configured: repeat 2, frame 560/594
configured: repeat 2, frame 570/594
configured: repeat 2, frame 580/594
configured: repeat 2, frame 590/594
configured repeat 2: 6.99 FPS
configured: repeat 3, frame 10/594
configured: repeat 3, frame 20/594
configured: repeat 3, frame 30/594
configured: repeat 3, frame 40/594
configured: repeat 3, frame 50/594
configured: repeat 3, frame 60/594
configured: repeat 3, frame 70/594
configured: repeat 3, frame 80/594
configured: repeat 3, frame 90/594
configured: repeat 3, frame 100/594
configured: repeat 3, frame 110/594
configured: repeat 3, frame 120/594
configured: repeat 3, frame 130/594
WARNING:src.lane_detection.segformer_lane_detector:Low road pixels detected: 0. Unique classes: [2, 4, 13, 21, 54, 83, 90]
configured: repeat 3, frame 140/594
configured: repeat 3, frame 150/594
configured: repeat 3, frame 160/594
configured: repeat 3, frame 170/594
configured: repeat 3, frame 180/594
configured: repeat 3, frame 190/594
configured: repeat 3, frame 200/594
configured: repeat 3, frame 210/594
configured: repeat 3, frame 220/594
configured: repeat 3, frame 230/594
configured: repeat 3, frame 240/594
configured: repeat 3, frame 250/594
configured: repeat 3, frame 260/594
configured: repeat 3, frame 270/594
configured: repeat 3, frame 280/594
configured: repeat 3, frame 290/594
configured: repeat 3, frame 300/594
configured: repeat 3, frame 310/594
configured: repeat 3, frame 320/594
configured: repeat 3, frame 330/594
configured: repeat 3, frame 340/594
configured: repeat 3, frame 350/594
configured: repeat 3, frame 360/594
configured: repeat 3, frame 370/594
configured: repeat 3, frame 380/594
configured: repeat 3, frame 390/594
configured: repeat 3, frame 400/594
configured: repeat 3, frame 410/594
configured: repeat 3, frame 420/594
configured: repeat 3, frame 430/594
configured: repeat 3, frame 440/594
configured: repeat 3, frame 450/594
configured: repeat 3, frame 460/594
configured: repeat 3, frame 470/594
configured: repeat 3, frame 480/594
configured: repeat 3, frame 490/594
configured: repeat 3, frame 500/594
configured: repeat 3, frame 510/594
configured: repeat 3, frame 520/594
configured: repeat 3, frame 530/594
configured: repeat 3, frame 540/594
configured: repeat 3, frame 550/594
configured: repeat 3, frame 560/594
configured: repeat 3, frame 570/594
configured: repeat 3, frame 580/594
configured: repeat 3, frame 590/594
configured repeat 3: 6.83 FPS
Report: runs/t4_video/configured.json
