Requirement already satisfied: pytest in /usr/local/lib/python3.13/dist-packages (8.4.2)
Requirement already satisfied: pycocotools in /usr/local/lib/python3.13/dist-packages (2.0.11)
Collecting ultralytics>=8.0.0 (from -r /content/adas/requirements.txt (line 1))
  Downloading ultralytics-8.4.170-py3-none-any.whl.metadata (46 kB)
     ━━━━━━━━━━━━━━━━━━━━━━━━━━━━━━━━━━━━━━━━ 46.7/46.7 kB 2.8 MB/s eta 0:00:00
Requirement already satisfied: opencv-python>=4.8.0 in /usr/local/lib/python3.13/dist-packages (from -r /content/adas/requirements.txt (line 2)) (5.0.0.93)
Requirement already satisfied: numpy>=1.24.0 in /usr/local/lib/python3.13/dist-packages (from -r /content/adas/requirements.txt (line 3)) (2.1.3)
Requirement already satisfied: torch>=2.0.0 in /usr/local/lib/python3.13/dist-packages (from -r /content/adas/requirements.txt (line 4)) (2.11.0+cu128)
Requirement already satisfied: PyYAML>=6.0 in /usr/local/lib/python3.13/dist-packages (from -r /content/adas/requirements.txt (line 5)) (6.0.3)
Requirement already satisfied: tqdm>=4.65.0 in /usr/local/lib/python3.13/dist-packages (from -r /content/adas/requirements.txt (line 6)) (4.67.3)
Requirement already satisfied: scipy>=1.10.0 in /usr/local/lib/python3.13/dist-packages (from -r /content/adas/requirements.txt (line 7)) (1.16.3)
Collecting transformers<5,>=4.57 (from -r /content/adas/requirements.txt (line 8))
  Downloading transformers-4.57.6-py3-none-any.whl.metadata (43 kB)
     ━━━━━━━━━━━━━━━━━━━━━━━━━━━━━━━━━━━━━━━━ 44.0/44.0 kB 4.2 MB/s eta 0:00:00
Requirement already satisfied: huggingface-hub>=0.16.0 in /usr/local/lib/python3.13/dist-packages (from -r /content/adas/requirements.txt (line 9)) (1.29.0)
Requirement already satisfied: safetensors>=0.3.1 in /usr/local/lib/python3.13/dist-packages (from -r /content/adas/requirements.txt (line 10)) (0.8.0)
Requirement already satisfied: Pillow>=9.0.0 in /usr/local/lib/python3.13/dist-packages (from -r /content/adas/requirements.txt (line 11)) (11.3.0)
Requirement already satisfied: iniconfig>=1 in /usr/local/lib/python3.13/dist-packages (from pytest) (2.3.0)
Requirement already satisfied: packaging>=20 in /usr/local/lib/python3.13/dist-packages (from pytest) (26.3)
Requirement already satisfied: pluggy<2,>=1.5 in /usr/local/lib/python3.13/dist-packages (from pytest) (1.6.0)
Requirement already satisfied: pygments>=2.7.2 in /usr/local/lib/python3.13/dist-packages (from pytest) (2.21.0)
Requirement already satisfied: cloudpickle>=3.1.1 in /usr/local/lib/python3.13/dist-packages (from ultralytics>=8.0.0->-r /content/adas/requirements.txt (line 1)) (3.1.2)
Requirement already satisfied: filelock>=3.16.1 in /usr/local/lib/python3.13/dist-packages (from ultralytics>=8.0.0->-r /content/adas/requirements.txt (line 1)) (3.32.5)
Requirement already satisfied: matplotlib>=3.3.0 in /usr/local/lib/python3.13/dist-packages (from ultralytics>=8.0.0->-r /content/adas/requirements.txt (line 1)) (3.10.0)
Requirement already satisfied: requests>=2.23.0 in /usr/local/lib/python3.13/dist-packages (from ultralytics>=8.0.0->-r /content/adas/requirements.txt (line 1)) (2.32.4)
Requirement already satisfied: torchvision>=0.9.0 in /usr/local/lib/python3.13/dist-packages (from ultralytics>=8.0.0->-r /content/adas/requirements.txt (line 1)) (0.26.0+cu128)
Requirement already satisfied: psutil>=5.8.0 in /usr/local/lib/python3.13/dist-packages (from ultralytics>=8.0.0->-r /content/adas/requirements.txt (line 1)) (5.9.5)
Requirement already satisfied: polars>=0.20.0 in /usr/local/lib/python3.13/dist-packages (from ultralytics>=8.0.0->-r /content/adas/requirements.txt (line 1)) (1.35.2)
Requirement already satisfied: nvidia-ml-py>=12.0.0 in /usr/local/lib/python3.13/dist-packages (from ultralytics>=8.0.0->-r /content/adas/requirements.txt (line 1)) (13.610.43)
Collecting ultralytics-thop>=2.2.0 (from ultralytics>=8.0.0->-r /content/adas/requirements.txt (line 1))
  Downloading ultralytics_thop-2.2.1-py3-none-any.whl.metadata (14 kB)
Collecting ultralytics-platform>=0.1.45 (from ultralytics>=8.0.0->-r /content/adas/requirements.txt (line 1))
  Downloading ultralytics_platform-0.1.75-py3-none-any.whl.metadata (16 kB)
Requirement already satisfied: typing-extensions>=4.10.0 in /usr/local/lib/python3.13/dist-packages (from torch>=2.0.0->-r /content/adas/requirements.txt (line 4)) (4.16.0)
Requirement already satisfied: setuptools<82 in /usr/local/lib/python3.13/dist-packages (from torch>=2.0.0->-r /content/adas/requirements.txt (line 4)) (80.10.2)
Requirement already satisfied: sympy>=1.13.3 in /usr/local/lib/python3.13/dist-packages (from torch>=2.0.0->-r /content/adas/requirements.txt (line 4)) (1.14.0)
Requirement already satisfied: networkx>=2.5.1 in /usr/local/lib/python3.13/dist-packages (from torch>=2.0.0->-r /content/adas/requirements.txt (line 4)) (3.6.1)
Requirement already satisfied: jinja2 in /usr/local/lib/python3.13/dist-packages (from torch>=2.0.0->-r /content/adas/requirements.txt (line 4)) (3.1.6)
Requirement already satisfied: fsspec>=0.8.5 in /usr/local/lib/python3.13/dist-packages (from torch>=2.0.0->-r /content/adas/requirements.txt (line 4)) (2025.12.0)
Requirement already satisfied: cuda-toolkit==12.8.1 in /usr/local/lib/python3.13/dist-packages (from cuda-toolkit[cublas,cudart,cufft,cufile,cupti,curand,cusolver,cusparse,nvjitlink,nvrtc,nvtx]==12.8.1; platform_system == "Linux"->torch>=2.0.0->-r /content/adas/requirements.txt (line 4)) (12.8.1)
Requirement already satisfied: cuda-bindings<13,>=12.9.4 in /usr/local/lib/python3.13/dist-packages (from torch>=2.0.0->-r /content/adas/requirements.txt (line 4)) (12.9.7)
Requirement already satisfied: nvidia-cudnn-cu12==9.19.0.56 in /usr/local/lib/python3.13/dist-packages (from torch>=2.0.0->-r /content/adas/requirements.txt (line 4)) (9.19.0.56)
Requirement already satisfied: nvidia-cusparselt-cu12==0.7.1 in /usr/local/lib/python3.13/dist-packages (from torch>=2.0.0->-r /content/adas/requirements.txt (line 4)) (0.7.1)
Requirement already satisfied: nvidia-nccl-cu12==2.28.9 in /usr/local/lib/python3.13/dist-packages (from torch>=2.0.0->-r /content/adas/requirements.txt (line 4)) (2.28.9)
Requirement already satisfied: nvidia-nvshmem-cu12==3.4.5 in /usr/local/lib/python3.13/dist-packages (from torch>=2.0.0->-r /content/adas/requirements.txt (line 4)) (3.4.5)
Requirement already satisfied: triton==3.6.0 in /usr/local/lib/python3.13/dist-packages (from torch>=2.0.0->-r /content/adas/requirements.txt (line 4)) (3.6.0)
Requirement already satisfied: nvidia-cublas-cu12==12.8.4.1.* in /usr/local/lib/python3.13/dist-packages (from cuda-toolkit[cublas,cudart,cufft,cufile,cupti,curand,cusolver,cusparse,nvjitlink,nvrtc,nvtx]==12.8.1; platform_system == "Linux"->torch>=2.0.0->-r /content/adas/requirements.txt (line 4)) (12.8.4.1)
Requirement already satisfied: nvidia-cuda-runtime-cu12==12.8.90.* in /usr/local/lib/python3.13/dist-packages (from cuda-toolkit[cublas,cudart,cufft,cufile,cupti,curand,cusolver,cusparse,nvjitlink,nvrtc,nvtx]==12.8.1; platform_system == "Linux"->torch>=2.0.0->-r /content/adas/requirements.txt (line 4)) (12.8.90)
Requirement already satisfied: nvidia-cufft-cu12==11.3.3.83.* in /usr/local/lib/python3.13/dist-packages (from cuda-toolkit[cublas,cudart,cufft,cufile,cupti,curand,cusolver,cusparse,nvjitlink,nvrtc,nvtx]==12.8.1; platform_system == "Linux"->torch>=2.0.0->-r /content/adas/requirements.txt (line 4)) (11.3.3.83)
Requirement already satisfied: nvidia-cufile-cu12==1.13.1.3.* in /usr/local/lib/python3.13/dist-packages (from cuda-toolkit[cublas,cudart,cufft,cufile,cupti,curand,cusolver,cusparse,nvjitlink,nvrtc,nvtx]==12.8.1; platform_system == "Linux"->torch>=2.0.0->-r /content/adas/requirements.txt (line 4)) (1.13.1.3)
Requirement already satisfied: nvidia-cuda-cupti-cu12==12.8.90.* in /usr/local/lib/python3.13/dist-packages (from cuda-toolkit[cublas,cudart,cufft,cufile,cupti,curand,cusolver,cusparse,nvjitlink,nvrtc,nvtx]==12.8.1; platform_system == "Linux"->torch>=2.0.0->-r /content/adas/requirements.txt (line 4)) (12.8.90)
Requirement already satisfied: nvidia-curand-cu12==10.3.9.90.* in /usr/local/lib/python3.13/dist-packages (from cuda-toolkit[cublas,cudart,cufft,cufile,cupti,curand,cusolver,cusparse,nvjitlink,nvrtc,nvtx]==12.8.1; platform_system == "Linux"->torch>=2.0.0->-r /content/adas/requirements.txt (line 4)) (10.3.9.90)
Requirement already satisfied: nvidia-cusolver-cu12==11.7.3.90.* in /usr/local/lib/python3.13/dist-packages (from cuda-toolkit[cublas,cudart,cufft,cufile,cupti,curand,cusolver,cusparse,nvjitlink,nvrtc,nvtx]==12.8.1; platform_system == "Linux"->torch>=2.0.0->-r /content/adas/requirements.txt (line 4)) (11.7.3.90)
Requirement already satisfied: nvidia-cusparse-cu12==12.5.8.93.* in /usr/local/lib/python3.13/dist-packages (from cuda-toolkit[cublas,cudart,cufft,cufile,cupti,curand,cusolver,cusparse,nvjitlink,nvrtc,nvtx]==12.8.1; platform_system == "Linux"->torch>=2.0.0->-r /content/adas/requirements.txt (line 4)) (12.5.8.93)
Requirement already satisfied: nvidia-nvjitlink-cu12==12.8.93.* in /usr/local/lib/python3.13/dist-packages (from cuda-toolkit[cublas,cudart,cufft,cufile,cupti,curand,cusolver,cusparse,nvjitlink,nvrtc,nvtx]==12.8.1; platform_system == "Linux"->torch>=2.0.0->-r /content/adas/requirements.txt (line 4)) (12.8.93)
Requirement already satisfied: nvidia-cuda-nvrtc-cu12==12.8.93.* in /usr/local/lib/python3.13/dist-packages (from cuda-toolkit[cublas,cudart,cufft,cufile,cupti,curand,cusolver,cusparse,nvjitlink,nvrtc,nvtx]==12.8.1; platform_system == "Linux"->torch>=2.0.0->-r /content/adas/requirements.txt (line 4)) (12.8.93)
Requirement already satisfied: nvidia-nvtx-cu12==12.8.90.* in /usr/local/lib/python3.13/dist-packages (from cuda-toolkit[cublas,cudart,cufft,cufile,cupti,curand,cusolver,cusparse,nvjitlink,nvrtc,nvtx]==12.8.1; platform_system == "Linux"->torch>=2.0.0->-r /content/adas/requirements.txt (line 4)) (12.8.90)
Collecting huggingface-hub>=0.16.0 (from -r /content/adas/requirements.txt (line 9))
  Downloading huggingface_hub-0.36.2-py3-none-any.whl.metadata (15 kB)
Requirement already satisfied: regex!=2019.12.17 in /usr/local/lib/python3.13/dist-packages (from transformers<5,>=4.57->-r /content/adas/requirements.txt (line 8)) (2025.11.3)
Collecting tokenizers<=0.23.0,>=0.22.0 (from transformers<5,>=4.57->-r /content/adas/requirements.txt (line 8))
  Downloading tokenizers-0.22.2-cp39-abi3-manylinux_2_17_x86_64.manylinux2014_x86_64.whl.metadata (7.3 kB)
Requirement already satisfied: hf-xet<2.0.0,>=1.1.3 in /usr/local/lib/python3.13/dist-packages (from huggingface-hub>=0.16.0->-r /content/adas/requirements.txt (line 9)) (1.6.0)
Requirement already satisfied: cuda-pathfinder~=1.1 in /usr/local/lib/python3.13/dist-packages (from cuda-bindings<13,>=12.9.4->torch>=2.0.0->-r /content/adas/requirements.txt (line 4)) (1.8.0)
Requirement already satisfied: contourpy>=1.0.1 in /usr/local/lib/python3.13/dist-packages (from matplotlib>=3.3.0->ultralytics>=8.0.0->-r /content/adas/requirements.txt (line 1)) (1.3.3)
Requirement already satisfied: cycler>=0.10 in /usr/local/lib/python3.13/dist-packages (from matplotlib>=3.3.0->ultralytics>=8.0.0->-r /content/adas/requirements.txt (line 1)) (0.12.1)
Requirement already satisfied: fonttools>=4.22.0 in /usr/local/lib/python3.13/dist-packages (from matplotlib>=3.3.0->ultralytics>=8.0.0->-r /content/adas/requirements.txt (line 1)) (4.64.0)
Requirement already satisfied: kiwisolver>=1.3.1 in /usr/local/lib/python3.13/dist-packages (from matplotlib>=3.3.0->ultralytics>=8.0.0->-r /content/adas/requirements.txt (line 1)) (1.5.1)
Requirement already satisfied: pyparsing>=2.3.1 in /usr/local/lib/python3.13/dist-packages (from matplotlib>=3.3.0->ultralytics>=8.0.0->-r /content/adas/requirements.txt (line 1)) (3.3.2)
Requirement already satisfied: python-dateutil>=2.7 in /usr/local/lib/python3.13/dist-packages (from matplotlib>=3.3.0->ultralytics>=8.0.0->-r /content/adas/requirements.txt (line 1)) (2.9.0.post0)
Requirement already satisfied: polars-runtime-32==1.35.2 in /usr/local/lib/python3.13/dist-packages (from polars>=0.20.0->ultralytics>=8.0.0->-r /content/adas/requirements.txt (line 1)) (1.35.2)
Requirement already satisfied: charset_normalizer<4,>=2 in /usr/local/lib/python3.13/dist-packages (from requests>=2.23.0->ultralytics>=8.0.0->-r /content/adas/requirements.txt (line 1)) (3.4.9)
Requirement already satisfied: idna<4,>=2.5 in /usr/local/lib/python3.13/dist-packages (from requests>=2.23.0->ultralytics>=8.0.0->-r /content/adas/requirements.txt (line 1)) (3.19)
Requirement already satisfied: urllib3<3,>=1.21.1 in /usr/local/lib/python3.13/dist-packages (from requests>=2.23.0->ultralytics>=8.0.0->-r /content/adas/requirements.txt (line 1)) (2.5.0)
Requirement already satisfied: certifi>=2017.4.17 in /usr/local/lib/python3.13/dist-packages (from requests>=2.23.0->ultralytics>=8.0.0->-r /content/adas/requirements.txt (line 1)) (2026.7.22)
Requirement already satisfied: mpmath<1.4,>=1.1.0 in /usr/local/lib/python3.13/dist-packages (from sympy>=1.13.3->torch>=2.0.0->-r /content/adas/requirements.txt (line 4)) (1.3.0)
Requirement already satisfied: httpx<1,>=0.28 in /usr/local/lib/python3.13/dist-packages (from ultralytics-platform>=0.1.45->ultralytics>=8.0.0->-r /content/adas/requirements.txt (line 1)) (0.28.1)
Requirement already satisfied: MarkupSafe>=2.0 in /usr/local/lib/python3.13/dist-packages (from jinja2->torch>=2.0.0->-r /content/adas/requirements.txt (line 4)) (3.0.3)
Requirement already satisfied: anyio in /usr/local/lib/python3.13/dist-packages (from httpx<1,>=0.28->ultralytics-platform>=0.1.45->ultralytics>=8.0.0->-r /content/adas/requirements.txt (line 1)) (4.14.2)
Requirement already satisfied: httpcore==1.* in /usr/local/lib/python3.13/dist-packages (from httpx<1,>=0.28->ultralytics-platform>=0.1.45->ultralytics>=8.0.0->-r /content/adas/requirements.txt (line 1)) (1.0.9)
Requirement already satisfied: h11>=0.16 in /usr/local/lib/python3.13/dist-packages (from httpcore==1.*->httpx<1,>=0.28->ultralytics-platform>=0.1.45->ultralytics>=8.0.0->-r /content/adas/requirements.txt (line 1)) (0.16.0)
Requirement already satisfied: six>=1.5 in /usr/local/lib/python3.13/dist-packages (from python-dateutil>=2.7->matplotlib>=3.3.0->ultralytics>=8.0.0->-r /content/adas/requirements.txt (line 1)) (1.17.0)
Downloading ultralytics-8.4.170-py3-none-any.whl (1.4 MB)
   ━━━━━━━━━━━━━━━━━━━━━━━━━━━━━━━━━━━━━━━━ 1.4/1.4 MB 37.0 MB/s eta 0:00:00
Downloading transformers-4.57.6-py3-none-any.whl (12.0 MB)
   ━━━━━━━━━━━━━━━━━━━━━━━━━━━━━━━━━━━━━━━━ 12.0/12.0 MB 120.4 MB/s eta 0:00:00
Downloading huggingface_hub-0.36.2-py3-none-any.whl (566 kB)
   ━━━━━━━━━━━━━━━━━━━━━━━━━━━━━━━━━━━━━━━━ 566.4/566.4 kB 50.1 MB/s eta 0:00:00
Downloading tokenizers-0.22.2-cp39-abi3-manylinux_2_17_x86_64.manylinux2014_x86_64.whl (3.3 MB)
   ━━━━━━━━━━━━━━━━━━━━━━━━━━━━━━━━━━━━━━━━ 3.3/3.3 MB 124.4 MB/s eta 0:00:00
Downloading ultralytics_platform-0.1.75-py3-none-any.whl (95 kB)
   ━━━━━━━━━━━━━━━━━━━━━━━━━━━━━━━━━━━━━━━━ 95.2/95.2 kB 11.7 MB/s eta 0:00:00
Downloading ultralytics_thop-2.2.1-py3-none-any.whl (31 kB)
Installing collected packages: huggingface-hub, ultralytics-platform, tokenizers, transformers, ultralytics-thop, ultralytics
  Attempting uninstall: huggingface-hub
    Found existing installation: huggingface_hub 1.29.0
    Uninstalling huggingface_hub-1.29.0:
      Successfully uninstalled huggingface_hub-1.29.0
  Attempting uninstall: tokenizers
    Found existing installation: tokenizers 0.23.1
    Uninstalling tokenizers-0.23.1:
      Successfully uninstalled tokenizers-0.23.1
  Attempting uninstall: transformers
    Found existing installation: transformers 5.16.1
    Uninstalling transformers-5.16.1:
      Successfully uninstalled transformers-5.16.1
ERROR: pip's dependency resolver does not currently take into account all the packages that are installed. This behaviour is the source of the following dependency conflicts.
gradio 6.26.0 requires huggingface-hub<2.0,>=1.16.0, but you have huggingface-hub 0.36.2 which is incompatible.
diffusers 0.40.0 requires huggingface-hub<2.0,>=1.23.0, but you have huggingface-hub 0.36.2 which is incompatible.
Successfully installed huggingface-hub-0.36.2 tokenizers-0.22.2 transformers-4.57.6 ultralytics-8.4.170 ultralytics-platform-0.1.75 ultralytics-thop-2.2.1
